\BOOKMARK [0][-]{chapter*.2}{\376\377\004\022\004\062\004\065\004\064\004\065\004\075\004\070\004\065}{}% 1
\BOOKMARK [0][-]{chapter.1}{\376\377\004\037\004\076\004\101\004\102\004\060\004\075\004\076\004\062\004\072\004\060\000\040\004\067\004\060\004\064\004\060\004\107\004\070}{}% 2
\BOOKMARK [1][-]{section.1.1}{\376\377\004\047\004\102\004\076\000\040\004\102\004\100\004\065\004\061\004\103\004\065\004\102\004\101\004\117\000\040\004\101\004\064\004\065\004\073\004\060\004\102\004\114}{chapter.1}% 3
\BOOKMARK [1][-]{section.1.2}{\376\377\004\047\004\102\004\076\000\040\004\064\004\060\004\075\004\076}{chapter.1}% 4
\BOOKMARK [1][-]{section.1.3}{\376\377\004\042\004\100\004\065\004\061\004\076\004\062\004\060\004\075\004\070\004\117\000\040\004\072\000\040\004\060\004\073\004\063\004\076\004\100\004\070\004\102\004\074\004\103}{chapter.1}% 5
\BOOKMARK [0][-]{chapter.2}{\376\377\004\034\004\060\004\102\004\065\004\074\004\060\004\102\004\070\004\107\004\065\004\101\004\072\004\076\004\065\000\040\004\076\004\077\004\070\004\101\004\060\004\075\004\070\004\065}{}% 6
\BOOKMARK [1][-]{section.2.1}{\376\377\004\034\004\060\004\102\004\065\004\074\004\060\004\102\004\070\004\107\004\065\004\101\004\072\004\060\004\117\000\040\004\074\004\076\004\064\004\065\004\073\004\114\000\040\004\070\004\063\004\100\004\113}{chapter.2}% 7
\BOOKMARK [2][-]{subsection.2.1.1}{\376\377\004\037\004\100\004\065\004\064\004\101\004\102\004\060\004\062\004\073\004\065\004\075\004\070\004\065\000\040\004\101\004\076\004\101\004\102\004\076\004\117\004\075\004\070\004\117}{section.2.1}% 8
\BOOKMARK [2][-]{subsection.2.1.2}{\376\377\004\024\004\076\004\077\004\103\004\101\004\102\004\070\004\074\004\113\004\065\000\040\004\105\004\076\004\064\004\113}{section.2.1}% 9
\BOOKMARK [2][-]{subsection.2.1.3}{\376\377\004\037\004\100\004\076\004\062\004\065\004\100\004\072\004\060\000\040\004\077\004\076\004\061\004\065\004\064\004\113}{section.2.1}% 10
\BOOKMARK [2][-]{subsection.2.1.4}{\376\377\004\043\004\101\004\073\004\076\004\062\004\070\004\117\000\040\004\067\004\060\004\062\004\065\004\100\004\110\004\065\004\075\004\070\004\117\000\040\004\070\004\063\004\100\004\113}{section.2.1}% 11
\BOOKMARK [1][-]{section.2.2}{\376\377\004\036\004\077\004\070\004\101\004\060\004\075\004\070\004\065\000\040\004\060\004\073\004\063\004\076\004\100\004\070\004\102\004\074\004\060\000\040\004\070\004\063\004\100\004\076\004\072\004\060}{chapter.2}% 12
\BOOKMARK [2][-]{subsection.2.2.1}{\376\377\004\044\004\060\004\067\004\060\000\040\0001\000:\000\040\004\037\004\100\004\076\004\062\004\065\004\100\004\072\004\060\000\040\004\075\004\065\004\074\004\065\004\064\004\073\004\065\004\075\004\075\004\076\004\063\004\076\000\040\004\062\004\113\004\070\004\063\004\100\004\113\004\110\004\060\000\040\004\070\000\040\004\076\004\061\004\117\004\067\004\060\004\102\004\065\004\073\004\114\004\075\004\076\004\071\000\040\004\061\004\073\004\076\004\072\004\070\004\100\004\076\004\062\004\072\004\070}{section.2.2}% 13
\BOOKMARK [2][-]{subsection.2.2.2}{\376\377\004\044\004\060\004\067\004\060\000\040\0002\000:\000\040\004\032\004\060\004\101\004\072\004\060\004\064\004\075\004\060\004\117\000\040\004\115\004\062\004\100\004\070\004\101\004\102\004\070\004\107\004\065\004\101\004\072\004\060\004\117\000\040\004\076\004\106\004\065\004\075\004\072\004\060\000\040\004\070\000\040\004\063\004\065\004\075\004\065\004\100\004\060\004\106\004\070\004\117\000\040\004\072\004\060\004\075\004\064\004\070\004\064\004\060\004\102\004\076\004\062}{section.2.2}% 14
\BOOKMARK [2][-]{subsection.2.2.3}{\376\377\004\044\004\060\004\067\004\060\000\040\0003\000:\000\040\004\030\004\102\004\065\004\100\004\060\004\102\004\070\004\062\004\075\004\076\004\065\000\040\004\103\004\063\004\073\004\103\004\061\004\073\004\065\004\075\004\070\004\065\000\040\004\074\004\070\004\075\004\070\004\074\004\060\004\072\004\101\004\060\000\040\004\101\000\040\004\060\004\073\004\114\004\104\004\060\000-\004\061\004\065\004\102\004\060\000-\004\076\004\102\004\101\004\065\004\107\004\065\004\075\004\070\004\065\004\074}{section.2.2}% 15
\BOOKMARK [2][-]{subsection.2.2.4}{\376\377\004\044\004\060\004\067\004\060\000\040\0004\000:\000\040\004\041\004\102\004\060\004\102\004\070\004\107\004\065\004\101\004\072\004\060\004\117\000\040\004\076\004\106\004\065\004\075\004\072\004\060\000\040\004\077\004\076\004\067\004\070\004\106\004\070\004\070}{section.2.2}% 16
\BOOKMARK [2][-]{subsection.2.2.5}{\376\377\004\044\004\076\004\100\004\074\004\070\004\100\004\076\004\062\004\060\004\075\004\070\004\065\000\040\004\067\004\076\004\075\004\113\000\040\004\070\004\075\004\102\004\065\004\100\004\065\004\101\004\060\000\040\000\050\004\072\004\060\004\075\004\064\004\070\004\064\004\060\004\102\004\075\004\113\004\105\000\040\004\105\004\076\004\064\004\076\004\062\000\051}{section.2.2}% 17
\BOOKMARK [2][-]{subsection.2.2.6}{\376\377\004\055\004\062\004\100\004\070\004\101\004\102\004\070\004\072\004\070\000\040\004\103\004\077\004\076\004\100\004\117\004\064\004\076\004\107\004\070\004\062\004\060\004\075\004\070\004\117\000\040\004\105\004\076\004\064\004\076\004\062}{section.2.2}% 18
\BOOKMARK [2][-]{subsection.2.2.7}{\376\377\004\024\004\065\004\102\004\065\004\100\004\074\004\070\004\075\004\070\004\100\004\076\004\062\004\060\004\075\004\075\004\113\004\071\000\040\004\077\004\076\004\100\004\117\004\064\004\076\004\072\000\040\004\100\004\060\004\067\004\100\004\065\004\110\004\065\004\075\004\070\004\117\000\040\004\075\004\065\004\076\004\064\004\075\004\076\004\067\004\075\004\060\004\107\004\075\004\076\004\101\004\102\004\065\004\071}{section.2.2}% 19
\BOOKMARK [0][-]{chapter.3}{\376\377\004\036\004\101\004\076\004\061\004\065\004\075\004\075\004\076\004\101\004\102\004\070\000\040\004\100\004\065\004\060\004\073\004\070\004\067\004\060\004\106\004\070\004\070}{}% 20
\BOOKMARK [1][-]{section.3.1}{\376\377\004\020\004\100\004\105\004\070\004\102\004\065\004\072\004\102\004\103\004\100\004\060\000\040\004\100\004\065\004\110\004\065\004\075\004\070\004\117}{chapter.3}% 21
\BOOKMARK [1][-]{section.3.2}{\376\377\004\041\004\102\004\100\004\103\004\072\004\102\004\103\004\100\004\113\000\040\004\064\004\060\004\075\004\075\004\113\004\105}{chapter.3}% 22
\BOOKMARK [2][-]{subsection.3.2.1}{\376\377\004\037\004\100\004\065\004\064\004\101\004\102\004\060\004\062\004\073\004\065\004\075\004\070\004\065\000\040\004\064\004\076\004\101\004\072\004\070\000\040\000\050\000F\000a\000s\000t\000\040\000A\000c\000c\000e\000s\000s\000\051}{section.3.2}% 23
\BOOKMARK [2][-]{subsection.3.2.2}{\376\377\004\041\004\102\004\100\004\103\004\072\004\102\004\103\004\100\004\060\000\040\000M\000o\000v\000e\000\040\004\070\000\040\004\072\004\115\004\110\004\070\004\100\004\076\004\062\004\060\004\075\004\070\004\065}{section.3.2}% 24
\BOOKMARK [1][-]{section.3.3}{\376\377\004\040\004\065\004\060\004\073\004\070\004\067\004\060\004\106\004\070\004\117\000\040\004\076\004\101\004\075\004\076\004\062\004\075\004\113\004\105\000\040\004\076\004\077\004\065\004\100\004\060\004\106\004\070\004\071}{chapter.3}% 25
\BOOKMARK [2][-]{subsection.3.3.1}{\376\377\004\032\004\076\004\075\004\101\004\102\004\100\004\103\004\072\004\102\004\076\004\100\000\040\004\070\000\040\004\070\004\075\004\070\004\106\004\070\004\060\004\073\004\070\004\067\004\060\004\106\004\070\004\117}{section.3.3}% 26
\BOOKMARK [2][-]{subsection.3.3.2}{\376\377\004\030\004\075\004\072\004\100\004\065\004\074\004\065\004\075\004\102\004\060\004\073\004\114\004\075\004\076\004\065\000\040\004\076\004\061\004\075\004\076\004\062\004\073\004\065\004\075\004\070\004\065\000:\000\040\000e\000v\000a\000l\000u\000a\000t\000e\000\137\000c\000e\000l\000l}{section.3.3}% 27
\BOOKMARK [2][-]{subsection.3.3.3}{\376\377\004\022\004\113\004\107\004\070\004\101\004\073\004\065\004\075\004\070\004\065\000\040\004\076\004\106\004\065\004\075\004\072\004\070\000\040\004\076\004\072\004\075\004\060\000\040\000\050\000e\000v\000a\000l\000u\000a\000t\000e\000\137\000b\000o\000a\000r\000d\000\051}{section.3.3}% 28
\BOOKMARK [2][-]{subsection.3.3.4}{\376\377\004\044\004\076\004\100\004\074\004\070\004\100\004\076\004\062\004\060\004\075\004\070\004\065\000\040\004\072\004\060\004\075\004\064\004\070\004\064\004\060\004\102\004\076\004\062\000\040\000\050\000g\000e\000n\000e\000r\000a\000t\000e\000\137\000m\000o\000v\000e\000s\000\051}{section.3.3}% 29
\BOOKMARK [2][-]{subsection.3.3.5}{\376\377\004\040\004\065\004\060\004\073\004\070\004\067\004\060\004\106\004\070\004\117\000\040\004\074\004\070\004\075\004\070\004\074\004\060\004\072\004\101\004\060\000\040\000\050\000a\000l\000p\000h\000a\000b\000e\000t\000a\000\051}{section.3.3}% 30
\BOOKMARK [2][-]{subsection.3.3.6}{\376\377\004\023\004\073\004\060\004\062\004\075\004\113\004\071\000\040\004\074\004\065\004\102\004\076\004\064\000\040\004\077\004\100\004\070\004\075\004\117\004\102\004\070\004\117\000\040\004\100\004\065\004\110\004\065\004\075\004\070\004\117\000\040\000\050\000m\000a\000k\000e\000\137\000m\000o\000v\000e\000\051}{section.3.3}% 31
\BOOKMARK [1][-]{section.3.4}{\376\377\004\037\004\100\004\076\004\063\004\100\004\060\004\074\004\074\004\075\004\113\004\071\000\040\004\070\004\075\004\102\004\065\004\100\004\104\004\065\004\071\004\101\000\040\004\072\004\073\004\060\004\101\004\101\004\060\000\040\000M\000y\000P\000l\000a\000y\000e\000r}{chapter.3}% 32
\BOOKMARK [2][-]{subsection.3.4.1}{\376\377\004\037\004\103\004\061\004\073\004\070\004\107\004\075\004\113\004\071\000\040\004\070\004\075\004\102\004\065\004\100\004\104\004\065\004\071\004\101}{section.3.4}% 33
\BOOKMARK [2][-]{subsection.3.4.2}{\376\377\004\037\004\100\004\070\004\062\004\060\004\102\004\075\004\113\004\065\000\040\004\077\004\076\004\073\004\117}{section.3.4}% 34
\BOOKMARK [1][-]{section.3.5}{\376\377\004\036\004\077\004\102\004\070\004\074\004\070\004\067\004\060\004\106\004\070\004\070\000\040\004\061\004\113\004\101\004\102\004\100\004\076\004\064\004\065\004\071\004\101\004\102\004\062\004\070\004\117}{chapter.3}% 35
\BOOKMARK [0][-]{chapter.4}{\376\377\004\040\004\065\004\067\004\103\004\073\004\114\004\102\004\060\004\102\004\113\000\040\004\100\004\060\004\061\004\076\004\102\004\113\000\040\004\077\004\100\004\076\004\063\004\100\004\060\004\074\004\074\004\113}{}% 36
\BOOKMARK [1][-]{section.4.1}{\376\377\004\040\004\065\004\067\004\103\004\073\004\114\004\102\004\060\004\102\004\113\000\040\004\102\004\065\004\101\004\102\004\070\004\100\004\076\004\062\004\060\004\075\004\070\004\117}{chapter.4}% 37
\BOOKMARK [1][-]{section.4.2}{\376\377\004\030\004\067\004\074\004\065\004\100\004\065\004\075\004\070\004\065\000\040\004\077\004\100\004\076\004\070\004\067\004\062\004\076\004\064\004\070\004\102\004\065\004\073\004\114\004\075\004\076\004\101\004\102\004\070}{chapter.4}% 38
\BOOKMARK [2][-]{subsection.4.2.1}{\376\377\004\034\004\065\004\102\004\076\004\064\004\070\004\072\004\060\000\040\004\070\004\067\004\074\004\065\004\100\004\065\004\075\004\070\004\117}{section.4.2}% 39
\BOOKMARK [2][-]{subsection.4.2.2}{\376\377\004\040\004\065\004\067\004\103\004\073\004\114\004\102\004\060\004\102\004\113\000\040\004\070\004\067\004\074\004\065\004\100\004\065\004\075\004\070\004\117}{section.4.2}% 40
\BOOKMARK [1][-]{section.4.3}{\376\377\004\041\004\102\004\060\004\102\004\070\004\101\004\102\004\070\004\072\004\060\000\040\004\070\004\063\004\100}{chapter.4}% 41
\BOOKMARK [0][-]{chapter*.5}{\376\377\004\027\004\060\004\072\004\073\004\116\004\107\004\065\004\075\004\070\004\065}{}% 42
\BOOKMARK [0][-]{chapter*.6}{\376\377\004\041\004\077\004\070\004\101\004\076\004\072\000\040\004\070\004\101\004\077\004\076\004\073\004\114\004\067\004\076\004\062\004\060\004\075\004\075\004\076\004\071\000\040\004\073\004\070\004\102\004\065\004\100\004\060\004\102\004\103\004\100\004\113}{}% 43
\BOOKMARK [0][-]{appendix.A}{\376\377\004\030\004\101\004\105\004\076\004\064\004\075\004\113\004\071\000\040\004\072\004\076\004\064\000\040\004\072\004\073\004\060\004\101\004\101\004\060}{}% 44
